
C:\Users\Asylum User\Documents\AEtesting\Experiments\TrajectoryLitho>"C:\AsylumResearch\v19\RealTime\Igor Pro Folder\Igor.exe" "C:\Users\Asylum User\Documents\buffer\ToIgor.arcmd" 

C:\Users\Asylum User\Documents\AEtesting\Experiments\TrajectoryLitho>"C:\AsylumResearch\v19\RealTime\Igor Pro Folder\Igor.exe" "C:\Users\Asylum User\Documents\buffer\ToIgor.arcmd" 

C:\Users\Asylum User\Documents\AEtesting\Experiments\TrajectoryLitho>"C:\AsylumResearch\v19\RealTime\Igor Pro Folder\Igor.exe" "C:\Users\Asylum User\Documents\buffer\ToIgor.arcmd" 

C:\Users\Asylum User\Documents\AEtesting\Experiments\TrajectoryLitho>"C:\AsylumResearch\v19\RealTime\Igor Pro Folder\Igor.exe" "C:\Users\Asylum User\Documents\buffer\ToIgor.arcmd" 

C:\Users\Asylum User\Documents\AEtesting\Experiments\TrajectoryLitho>"C:\AsylumResearch\v19\RealTime\Igor Pro Folder\Igor.exe" "C:\Users\Asylum User\Documents\buffer\ToIgor.arcmd" 

C:\Users\Asylum User\Documents\AEtesting\Experiments\TrajectoryLitho>"C:\AsylumResearch\v19\RealTime\Igor Pro Folder\Igor.exe" "C:\Users\Asylum User\Documents\buffer\ToIgor.arcmd" 

C:\Users\Asylum User\Documents\AEtesting\Experiments\TrajectoryLitho>"C:\AsylumResearch\v19\RealTime\Igor Pro Folder\Igor.exe" "C:\Users\Asylum User\Documents\buffer\ToIgor.arcmd" 

C:\Users\Asylum User\Documents\AEtesting\Experiments\TrajectoryLitho>"C:\AsylumResearch\v19\RealTime\Igor Pro Folder\Igor.exe" "C:\Users\Asylum User\Documents\buffer\ToIgor.arcmd" 

C:\Users\Asylum User\Documents\AEtesting\Experiments\TrajectoryLitho>"C:\AsylumResearch\v19\RealTime\Igor Pro Folder\Igor.exe" "C:\Users\Asylum User\Documents\buffer\ToIgor.arcmd" 

C:\Users\Asylum User\Documents\AEtesting\Experiments\TrajectoryLitho>"C:\AsylumResearch\v19\RealTime\Igor Pro Folder\Igor.exe" "C:\Users\Asylum User\Documents\buffer\ToIgor.arcmd" 

C:\Users\Asylum User\Documents\AEtesting\Experiments\TrajectoryLitho>"C:\AsylumResearch\v19\RealTime\Igor Pro Folder\Igor.exe" "C:\Users\Asylum User\Documents\buffer\ToIgor.arcmd" 

C:\Users\Asylum User\Documents\AEtesting\Experiments\TrajectoryLitho>"C:\AsylumResearch\v19\RealTime\Igor Pro Folder\Igor.exe" "C:\Users\Asylum User\Documents\buffer\ToIgor.arcmd" 

C:\Users\Asylum User\Documents\AEtesting\Experiments\TrajectoryLitho>"C:\AsylumResearch\v19\RealTime\Igor Pro Folder\Igor.exe" "C:\Users\Asylum User\Documents\buffer\ToIgor.arcmd" 

C:\Users\Asylum User\Documents\AEtesting\Experiments\TrajectoryLitho>"C:\AsylumResearch\v19\RealTime\Igor Pro Folder\Igor.exe" "C:\Users\Asylum User\Documents\buffer\ToIgor.arcmd" 

C:\Users\Asylum User\Documents\AEtesting\Experiments\TrajectoryLitho>"C:\AsylumResearch\v19\RealTime\Igor Pro Folder\Igor.exe" "C:\Users\Asylum User\Documents\buffer\ToIgor.arcmd" 

C:\Users\Asylum User\Documents\AEtesting\Experiments\TrajectoryLitho>"C:\AsylumResearch\v19\RealTime\Igor Pro Folder\Igor.exe" "C:\Users\Asylum User\Documents\buffer\ToIgor.arcmd" 

C:\Users\Asylum User\Documents\AEtesting\Experiments\TrajectoryLitho>"C:\AsylumResearch\v19\RealTime\Igor Pro Folder\Igor.exe" "C:\Users\Asylum User\Documents\buffer\ToIgor.arcmd" 

C:\Users\Asylum User\Documents\AEtesting\Experiments\TrajectoryLitho>"C:\AsylumResearch\v19\RealTime\Igor Pro Folder\Igor.exe" "C:\Users\Asylum User\Documents\buffer\ToIgor.arcmd" 

C:\Users\Asylum User\Documents\AEtesting\Experiments\TrajectoryLitho>"C:\AsylumResearch\v19\RealTime\Igor Pro Folder\Igor.exe" "C:\Users\Asylum User\Documents\buffer\ToIgor.arcmd" 

C:\Users\Asylum User\Documents\AEtesting\Experiments\TrajectoryLitho>"C:\AsylumResearch\v19\RealTime\Igor Pro Folder\Igor.exe" "C:\Users\Asylum User\Documents\buffer\ToIgor.arcmd" 

C:\Users\Asylum User\Documents\AEtesting\Experiments\TrajectoryLitho>"C:\AsylumResearch\v19\RealTime\Igor Pro Folder\Igor.exe" "C:\Users\Asylum User\Documents\buffer\ToIgor.arcmd" 

C:\Users\Asylum User\Documents\AEtesting\Experiments\TrajectoryLitho>"C:\AsylumResearch\v19\RealTime\Igor Pro Folder\Igor.exe" "C:\Users\Asylum User\Documents\buffer\ToIgor.arcmd" 

C:\Users\Asylum User\Documents\AEtesting\Experiments\TrajectoryLitho>"C:\AsylumResearch\v19\RealTime\Igor Pro Folder\Igor.exe" "C:\Users\Asylum User\Documents\buffer\ToIgor.arcmd" 

C:\Users\Asylum User\Documents\AEtesting\Experiments\TrajectoryLitho>"C:\AsylumResearch\v19\RealTime\Igor Pro Folder\Igor.exe" "C:\Users\Asylum User\Documents\buffer\ToIgor.arcmd" 

C:\Users\Asylum User\Documents\AEtesting\Experiments\TrajectoryLitho>"C:\AsylumResearch\v19\RealTime\Igor Pro Folder\Igor.exe" "C:\Users\Asylum User\Documents\buffer\ToIgor.arcmd" 

C:\Users\Asylum User\Documents\AEtesting\Experiments\TrajectoryLitho>"C:\AsylumResearch\v19\RealTime\Igor Pro Folder\Igor.exe" "C:\Users\Asylum User\Documents\buffer\ToIgor.arcmd" 

C:\Users\Asylum User\Documents\AEtesting\Experiments\TrajectoryLitho>"C:\AsylumResearch\v19\RealTime\Igor Pro Folder\Igor.exe" "C:\Users\Asylum User\Documents\buffer\ToIgor.arcmd" 

C:\Users\Asylum User\Documents\AEtesting\Experiments\TrajectoryLitho>"C:\AsylumResearch\v19\RealTime\Igor Pro Folder\Igor.exe" "C:\Users\Asylum User\Documents\buffer\ToIgor.arcmd" 

C:\Users\Asylum User\Documents\AEtesting\Experiments\TrajectoryLitho>"C:\AsylumResearch\v19\RealTime\Igor Pro Folder\Igor.exe" "C:\Users\Asylum User\Documents\buffer\ToIgor.arcmd" 

C:\Users\Asylum User\Documents\AEtesting\Experiments\TrajectoryLitho>"C:\AsylumResearch\v19\RealTime\Igor Pro Folder\Igor.exe" "C:\Users\Asylum User\Documents\buffer\ToIgor.arcmd" 

C:\Users\Asylum User\Documents\AEtesting\Experiments\TrajectoryLitho>"C:\AsylumResearch\v19\RealTime\Igor Pro Folder\Igor.exe" "C:\Users\Asylum User\Documents\buffer\ToIgor.arcmd" 

C:\Users\Asylum User\Documents\AEtesting\Experiments\TrajectoryLitho>"C:\AsylumResearch\v19\RealTime\Igor Pro Folder\Igor.exe" "C:\Users\Asylum User\Documents\buffer\ToIgor.arcmd" 

C:\Users\Asylum User\Documents\AEtesting\Experiments\TrajectoryLitho>"C:\AsylumResearch\v19\RealTime\Igor Pro Folder\Igor.exe" "C:\Users\Asylum User\Documents\buffer\ToIgor.arcmd" 

C:\Users\Asylum User\Documents\AEtesting\Experiments\TrajectoryLitho>"C:\AsylumResearch\v19\RealTime\Igor Pro Folder\Igor.exe" "C:\Users\Asylum User\Documents\buffer\ToIgor.arcmd" 

C:\Users\Asylum User\Documents\AEtesting\Experiments\TrajectoryLitho>"C:\AsylumResearch\v19\RealTime\Igor Pro Folder\Igor.exe" "C:\Users\Asylum User\Documents\buffer\ToIgor.arcmd" 

C:\Users\Asylum User\Documents\AEtesting\Experiments\TrajectoryLitho>"C:\AsylumResearch\v19\RealTime\Igor Pro Folder\Igor.exe" "C:\Users\Asylum User\Documents\buffer\ToIgor.arcmd" 

C:\Users\Asylum User\Documents\AEtesting\Experiments\TrajectoryLitho>"C:\AsylumResearch\v19\RealTime\Igor Pro Folder\Igor.exe" "C:\Users\Asylum User\Documents\buffer\ToIgor.arcmd" 

C:\Users\Asylum User\Documents\AEtesting\Experiments\TrajectoryLitho>"C:\AsylumResearch\v19\RealTime\Igor Pro Folder\Igor.exe" "C:\Users\Asylum User\Documents\buffer\ToIgor.arcmd" 

C:\Users\Asylum User\Documents\AEtesting\Experiments\TrajectoryLitho>"C:\AsylumResearch\v19\RealTime\Igor Pro Folder\Igor.exe" "C:\Users\Asylum User\Documents\buffer\ToIgor.arcmd" 

C:\Users\Asylum User\Documents\AEtesting\Experiments\TrajectoryLitho>"C:\AsylumResearch\v19\RealTime\Igor Pro Folder\Igor.exe" "C:\Users\Asylum User\Documents\buffer\ToIgor.arcmd" 

C:\Users\Asylum User\Documents\AEtesting\Experiments\TrajectoryLitho>"C:\AsylumResearch\v19\RealTime\Igor Pro Folder\Igor.exe" "C:\Users\Asylum User\Documents\buffer\ToIgor.arcmd" 

C:\Users\Asylum User\Documents\AEtesting\Experiments\TrajectoryLitho>"C:\AsylumResearch\v19\RealTime\Igor Pro Folder\Igor.exe" "C:\Users\Asylum User\Documents\buffer\ToIgor.arcmd" 

C:\Users\Asylum User\Documents\AEtesting\Experiments\TrajectoryLitho>"C:\AsylumResearch\v19\RealTime\Igor Pro Folder\Igor.exe" "C:\Users\Asylum User\Documents\buffer\ToIgor.arcmd" 

C:\Users\Asylum User\Documents\AEtesting\Experiments\TrajectoryLitho>"C:\AsylumResearch\v19\RealTime\Igor Pro Folder\Igor.exe" "C:\Users\Asylum User\Documents\buffer\ToIgor.arcmd" 

C:\Users\Asylum User\Documents\AEtesting\Experiments\TrajectoryLitho>"C:\AsylumResearch\v19\RealTime\Igor Pro Folder\Igor.exe" "C:\Users\Asylum User\Documents\buffer\ToIgor.arcmd" 

C:\Users\Asylum User\Documents\AEtesting\Experiments\TrajectoryLitho>"C:\AsylumResearch\v19\RealTime\Igor Pro Folder\Igor.exe" "C:\Users\Asylum User\Documents\buffer\ToIgor.arcmd" 

C:\Users\Asylum User\Documents\AEtesting\Experiments\TrajectoryLitho>"C:\AsylumResearch\v19\RealTime\Igor Pro Folder\Igor.exe" "C:\Users\Asylum User\Documents\buffer\ToIgor.arcmd" 

C:\Users\Asylum User\Documents\AEtesting\Experiments\TrajectoryLitho>"C:\AsylumResearch\v19\RealTime\Igor Pro Folder\Igor.exe" "C:\Users\Asylum User\Documents\buffer\ToIgor.arcmd" 

C:\Users\Asylum User\Documents\AEtesting\Experiments\TrajectoryLitho>"C:\AsylumResearch\v19\RealTime\Igor Pro Folder\Igor.exe" "C:\Users\Asylum User\Documents\buffer\ToIgor.arcmd" 

C:\Users\Asylum User\Documents\AEtesting\Experiments\TrajectoryLitho>"C:\AsylumResearch\v19\RealTime\Igor Pro Folder\Igor.exe" "C:\Users\Asylum User\Documents\buffer\ToIgor.arcmd" 

C:\Users\Asylum User\Documents\AEtesting\Experiments\TrajectoryLitho>"C:\AsylumResearch\v19\RealTime\Igor Pro Folder\Igor.exe" "C:\Users\Asylum User\Documents\buffer\ToIgor.arcmd" 

C:\Users\Asylum User\Documents\AEtesting\Experiments\TrajectoryLitho>"C:\AsylumResearch\v19\RealTime\Igor Pro Folder\Igor.exe" "C:\Users\Asylum User\Documents\buffer\ToIgor.arcmd" 

C:\Users\Asylum User\Documents\AEtesting\Experiments\TrajectoryLitho>"C:\AsylumResearch\v19\RealTime\Igor Pro Folder\Igor.exe" "C:\Users\Asylum User\Documents\buffer\ToIgor.arcmd" 

C:\Users\Asylum User\Documents\AEtesting\Experiments\TrajectoryLitho>"C:\AsylumResearch\v19\RealTime\Igor Pro Folder\Igor.exe" "C:\Users\Asylum User\Documents\buffer\ToIgor.arcmd" 

C:\Users\Asylum User\Documents\AEtesting\Experiments\TrajectoryLitho>"C:\AsylumResearch\v19\RealTime\Igor Pro Folder\Igor.exe" "C:\Users\Asylum User\Documents\buffer\ToIgor.arcmd" 

C:\Users\Asylum User\Documents\AEtesting\Experiments\TrajectoryLitho>"C:\AsylumResearch\v19\RealTime\Igor Pro Folder\Igor.exe" "C:\Users\Asylum User\Documents\buffer\ToIgor.arcmd" 

C:\Users\Asylum User\Documents\AEtesting\Experiments\TrajectoryLitho>"C:\AsylumResearch\v19\RealTime\Igor Pro Folder\Igor.exe" "C:\Users\Asylum User\Documents\buffer\ToIgor.arcmd" 

C:\Users\Asylum User\Documents\AEtesting\Experiments\TrajectoryLitho>"C:\AsylumResearch\v19\RealTime\Igor Pro Folder\Igor.exe" "C:\Users\Asylum User\Documents\buffer\ToIgor.arcmd" 

C:\Users\Asylum User\Documents\AEtesting\Experiments\TrajectoryLitho>"C:\AsylumResearch\v19\RealTime\Igor Pro Folder\Igor.exe" "C:\Users\Asylum User\Documents\buffer\ToIgor.arcmd" 

C:\Users\Asylum User\Documents\AEtesting\Experiments\TrajectoryLitho>"C:\AsylumResearch\v19\RealTime\Igor Pro Folder\Igor.exe" "C:\Users\Asylum User\Documents\buffer\ToIgor.arcmd" 

C:\Users\Asylum User\Documents\AEtesting\Experiments\TrajectoryLitho>"C:\AsylumResearch\v19\RealTime\Igor Pro Folder\Igor.exe" "C:\Users\Asylum User\Documents\buffer\ToIgor.arcmd" 

C:\Users\Asylum User\Documents\AEtesting\Experiments\TrajectoryLitho>"C:\AsylumResearch\v19\RealTime\Igor Pro Folder\Igor.exe" "C:\Users\Asylum User\Documents\buffer\ToIgor.arcmd" 

C:\Users\Asylum User\Documents\AEtesting\Experiments\TrajectoryLitho>"C:\AsylumResearch\v19\RealTime\Igor Pro Folder\Igor.exe" "C:\Users\Asylum User\Documents\buffer\ToIgor.arcmd" 

C:\Users\Asylum User\Documents\AEtesting\Experiments\TrajectoryLitho>"C:\AsylumResearch\v19\RealTime\Igor Pro Folder\Igor.exe" "C:\Users\Asylum User\Documents\buffer\ToIgor.arcmd" 

C:\Users\Asylum User\Documents\AEtesting\Experiments\TrajectoryLitho>"C:\AsylumResearch\v19\RealTime\Igor Pro Folder\Igor.exe" "C:\Users\Asylum User\Documents\buffer\ToIgor.arcmd" 

C:\Users\Asylum User\Documents\AEtesting\Experiments\TrajectoryLitho>"C:\AsylumResearch\v19\RealTime\Igor Pro Folder\Igor.exe" "C:\Users\Asylum User\Documents\buffer\ToIgor.arcmd" 

C:\Users\Asylum User\Documents\AEtesting\Experiments\TrajectoryLitho>"C:\AsylumResearch\v19\RealTime\Igor Pro Folder\Igor.exe" "C:\Users\Asylum User\Documents\buffer\ToIgor.arcmd" 

C:\Users\Asylum User\Documents\AEtesting\Experiments\TrajectoryLitho>"C:\AsylumResearch\v19\RealTime\Igor Pro Folder\Igor.exe" "C:\Users\Asylum User\Documents\buffer\ToIgor.arcmd" 

C:\Users\Asylum User\Documents\AEtesting\Experiments\TrajectoryLitho>"C:\AsylumResearch\v19\RealTime\Igor Pro Folder\Igor.exe" "C:\Users\Asylum User\Documents\buffer\ToIgor.arcmd" 

C:\Users\Asylum User\Documents\AEtesting\Experiments\TrajectoryLitho>"C:\AsylumResearch\v19\RealTime\Igor Pro Folder\Igor.exe" "C:\Users\Asylum User\Documents\buffer\ToIgor.arcmd" 

C:\Users\Asylum User\Documents\AEtesting\Experiments\TrajectoryLitho>"C:\AsylumResearch\v19\RealTime\Igor Pro Folder\Igor.exe" "C:\Users\Asylum User\Documents\buffer\ToIgor.arcmd" 

C:\Users\Asylum User\Documents\AEtesting\Experiments\TrajectoryLitho>"C:\AsylumResearch\v19\RealTime\Igor Pro Folder\Igor.exe" "C:\Users\Asylum User\Documents\buffer\ToIgor.arcmd" 

C:\Users\Asylum User\Documents\AEtesting\Experiments\TrajectoryLitho>"C:\AsylumResearch\v19\RealTime\Igor Pro Folder\Igor.exe" "C:\Users\Asylum User\Documents\buffer\ToIgor.arcmd" 

C:\Users\Asylum User\Documents\AEtesting\Experiments\TrajectoryLitho>"C:\AsylumResearch\v19\RealTime\Igor Pro Folder\Igor.exe" "C:\Users\Asylum User\Documents\buffer\ToIgor.arcmd" 

C:\Users\Asylum User\Documents\AEtesting\Experiments\TrajectoryLitho>"C:\AsylumResearch\v19\RealTime\Igor Pro Folder\Igor.exe" "C:\Users\Asylum User\Documents\buffer\ToIgor.arcmd" 

C:\Users\Asylum User\Documents\AEtesting\Experiments\TrajectoryLitho>"C:\AsylumResearch\v19\RealTime\Igor Pro Folder\Igor.exe" "C:\Users\Asylum User\Documents\buffer\ToIgor.arcmd" 

C:\Users\Asylum User\Documents\AEtesting\Experiments\TrajectoryLitho>"C:\AsylumResearch\v19\RealTime\Igor Pro Folder\Igor.exe" "C:\Users\Asylum User\Documents\buffer\ToIgor.arcmd" 

C:\Users\Asylum User\Documents\AEtesting\Experiments\TrajectoryLitho>"C:\AsylumResearch\v19\RealTime\Igor Pro Folder\Igor.exe" "C:\Users\Asylum User\Documents\buffer\ToIgor.arcmd" 

C:\Users\Asylum User\Documents\AEtesting\Experiments\TrajectoryLitho>"C:\AsylumResearch\v19\RealTime\Igor Pro Folder\Igor.exe" "C:\Users\Asylum User\Documents\buffer\ToIgor.arcmd" 

C:\Users\Asylum User\Documents\AEtesting\Experiments\TrajectoryLitho>"C:\AsylumResearch\v19\RealTime\Igor Pro Folder\Igor.exe" "C:\Users\Asylum User\Documents\buffer\ToIgor.arcmd" 

C:\Users\Asylum User\Documents\AEtesting\Experiments\TrajectoryLitho>"C:\AsylumResearch\v19\RealTime\Igor Pro Folder\Igor.exe" "C:\Users\Asylum User\Documents\buffer\ToIgor.arcmd" 

C:\Users\Asylum User\Documents\AEtesting\Experiments\TrajectoryLitho>"C:\AsylumResearch\v19\RealTime\Igor Pro Folder\Igor.exe" "C:\Users\Asylum User\Documents\buffer\ToIgor.arcmd" 

C:\Users\Asylum User\Documents\AEtesting\Experiments\TrajectoryLitho>"C:\AsylumResearch\v19\RealTime\Igor Pro Folder\Igor.exe" "C:\Users\Asylum User\Documents\buffer\ToIgor.arcmd" 

C:\Users\Asylum User\Documents\AEtesting\Experiments\TrajectoryLitho>"C:\AsylumResearch\v19\RealTime\Igor Pro Folder\Igor.exe" "C:\Users\Asylum User\Documents\buffer\ToIgor.arcmd" 

C:\Users\Asylum User\Documents\AEtesting\Experiments\TrajectoryLitho>"C:\AsylumResearch\v19\RealTime\Igor Pro Folder\Igor.exe" "C:\Users\Asylum User\Documents\buffer\ToIgor.arcmd" 

C:\Users\Asylum User\Documents\AEtesting\Experiments\TrajectoryLitho>"C:\AsylumResearch\v19\RealTime\Igor Pro Folder\Igor.exe" "C:\Users\Asylum User\Documents\buffer\ToIgor.arcmd" 

C:\Users\Asylum User\Documents\AEtesting\Experiments\TrajectoryLitho>"C:\AsylumResearch\v19\RealTime\Igor Pro Folder\Igor.exe" "C:\Users\Asylum User\Documents\buffer\ToIgor.arcmd" 

C:\Users\Asylum User\Documents\AEtesting\Experiments\TrajectoryLitho>"C:\AsylumResearch\v19\RealTime\Igor Pro Folder\Igor.exe" "C:\Users\Asylum User\Documents\buffer\ToIgor.arcmd" 

C:\Users\Asylum User\Documents\AEtesting\Experiments\TrajectoryLitho>"C:\AsylumResearch\v19\RealTime\Igor Pro Folder\Igor.exe" "C:\Users\Asylum User\Documents\buffer\ToIgor.arcmd" 

C:\Users\Asylum User\Documents\AEtesting\Experiments\TrajectoryLitho>"C:\AsylumResearch\v19\RealTime\Igor Pro Folder\Igor.exe" "C:\Users\Asylum User\Documents\buffer\ToIgor.arcmd" 

C:\Users\Asylum User\Documents\AEtesting\Experiments\TrajectoryLitho>"C:\AsylumResearch\v19\RealTime\Igor Pro Folder\Igor.exe" "C:\Users\Asylum User\Documents\buffer\ToIgor.arcmd" 

C:\Users\Asylum User\Documents\AEtesting\Experiments\TrajectoryLitho>"C:\AsylumResearch\v19\RealTime\Igor Pro Folder\Igor.exe" "C:\Users\Asylum User\Documents\buffer\ToIgor.arcmd" 

C:\Users\Asylum User\Documents\AEtesting\Experiments\TrajectoryLitho>"C:\AsylumResearch\v19\RealTime\Igor Pro Folder\Igor.exe" "C:\Users\Asylum User\Documents\buffer\ToIgor.arcmd" 

C:\Users\Asylum User\Documents\AEtesting\Experiments\TrajectoryLitho>"C:\AsylumResearch\v19\RealTime\Igor Pro Folder\Igor.exe" "C:\Users\Asylum User\Documents\buffer\ToIgor.arcmd" 

C:\Users\Asylum User\Documents\AEtesting\Experiments\TrajectoryLitho>"C:\AsylumResearch\v19\RealTime\Igor Pro Folder\Igor.exe" "C:\Users\Asylum User\Documents\buffer\ToIgor.arcmd" 

C:\Users\Asylum User\Documents\AEtesting\Experiments\TrajectoryLitho>"C:\AsylumResearch\v19\RealTime\Igor Pro Folder\Igor.exe" "C:\Users\Asylum User\Documents\buffer\ToIgor.arcmd" 

C:\Users\Asylum User\Documents\AEtesting\Experiments\TrajectoryLitho>"C:\AsylumResearch\v19\RealTime\Igor Pro Folder\Igor.exe" "C:\Users\Asylum User\Documents\buffer\ToIgor.arcmd" 

C:\Users\Asylum User\Documents\AEtesting\Experiments\TrajectoryLitho>"C:\AsylumResearch\v19\RealTime\Igor Pro Folder\Igor.exe" "C:\Users\Asylum User\Documents\buffer\ToIgor.arcmd" 

C:\Users\Asylum User\Documents\AEtesting\Experiments\TrajectoryLitho>"C:\AsylumResearch\v19\RealTime\Igor Pro Folder\Igor.exe" "C:\Users\Asylum User\Documents\buffer\ToIgor.arcmd" 

C:\Users\Asylum User\Documents\AEtesting\Experiments\TrajectoryLitho>"C:\AsylumResearch\v19\RealTime\Igor Pro Folder\Igor.exe" "C:\Users\Asylum User\Documents\buffer\ToIgor.arcmd" 

C:\Users\Asylum User\Documents\AEtesting\Experiments\TrajectoryLitho>"C:\AsylumResearch\v19\RealTime\Igor Pro Folder\Igor.exe" "C:\Users\Asylum User\Documents\buffer\ToIgor.arcmd" 

C:\Users\Asylum User\Documents\AEtesting\Experiments\TrajectoryLitho>"C:\AsylumResearch\v19\RealTime\Igor Pro Folder\Igor.exe" "C:\Users\Asylum User\Documents\buffer\ToIgor.arcmd" 

C:\Users\Asylum User\Documents\AEtesting\Experiments\TrajectoryLitho>"C:\AsylumResearch\v19\RealTime\Igor Pro Folder\Igor.exe" "C:\Users\Asylum User\Documents\buffer\ToIgor.arcmd" 

C:\Users\Asylum User\Documents\AEtesting\Experiments\TrajectoryLitho>"C:\AsylumResearch\v19\RealTime\Igor Pro Folder\Igor.exe" "C:\Users\Asylum User\Documents\buffer\ToIgor.arcmd" 

C:\Users\Asylum User\Documents\AEtesting\Experiments\TrajectoryLitho>"C:\AsylumResearch\v19\RealTime\Igor Pro Folder\Igor.exe" "C:\Users\Asylum User\Documents\buffer\ToIgor.arcmd" 

C:\Users\Asylum User\Documents\AEtesting\Experiments\TrajectoryLitho>"C:\AsylumResearch\v19\RealTime\Igor Pro Folder\Igor.exe" "C:\Users\Asylum User\Documents\buffer\ToIgor.arcmd" 

C:\Users\Asylum User\Documents\AEtesting\Experiments\TrajectoryLitho>"C:\AsylumResearch\v19\RealTime\Igor Pro Folder\Igor.exe" "C:\Users\Asylum User\Documents\buffer\ToIgor.arcmd" 

C:\Users\Asylum User\Documents\AEtesting\Experiments\TrajectoryLitho>"C:\AsylumResearch\v19\RealTime\Igor Pro Folder\Igor.exe" "C:\Users\Asylum User\Documents\buffer\ToIgor.arcmd" 

C:\Users\Asylum User\Documents\AEtesting\Experiments\TrajectoryLitho>"C:\AsylumResearch\v19\RealTime\Igor Pro Folder\Igor.exe" "C:\Users\Asylum User\Documents\buffer\ToIgor.arcmd" 

C:\Users\Asylum User\Documents\AEtesting\Experiments\TrajectoryLitho>"C:\AsylumResearch\v19\RealTime\Igor Pro Folder\Igor.exe" "C:\Users\Asylum User\Documents\buffer\ToIgor.arcmd" 

C:\Users\Asylum User\Documents\AEtesting\Experiments\TrajectoryLitho>"C:\AsylumResearch\v19\RealTime\Igor Pro Folder\Igor.exe" "C:\Users\Asylum User\Documents\buffer\ToIgor.arcmd" 

C:\Users\Asylum User\Documents\AEtesting\Experiments\TrajectoryLitho>"C:\AsylumResearch\v19\RealTime\Igor Pro Folder\Igor.exe" "C:\Users\Asylum User\Documents\buffer\ToIgor.arcmd" 

C:\Users\Asylum User\Documents\AEtesting\Experiments\TrajectoryLitho>"C:\AsylumResearch\v19\RealTime\Igor Pro Folder\Igor.exe" "C:\Users\Asylum User\Documents\buffer\ToIgor.arcmd" 

C:\Users\Asylum User\Documents\AEtesting\Experiments\TrajectoryLitho>"C:\AsylumResearch\v19\RealTime\Igor Pro Folder\Igor.exe" "C:\Users\Asylum User\Documents\buffer\ToIgor.arcmd" 

C:\Users\Asylum User\Documents\AEtesting\Experiments\TrajectoryLitho>"C:\AsylumResearch\v19\RealTime\Igor Pro Folder\Igor.exe" "C:\Users\Asylum User\Documents\buffer\ToIgor.arcmd" 

C:\Users\Asylum User\Documents\AEtesting\Experiments\TrajectoryLitho>"C:\AsylumResearch\v19\RealTime\Igor Pro Folder\Igor.exe" "C:\Users\Asylum User\Documents\buffer\ToIgor.arcmd" 

C:\Users\Asylum User\Documents\AEtesting\Experiments\TrajectoryLitho>"C:\AsylumResearch\v19\RealTime\Igor Pro Folder\Igor.exe" "C:\Users\Asylum User\Documents\buffer\ToIgor.arcmd" 

C:\Users\Asylum User\Documents\AEtesting\Experiments\TrajectoryLitho>"C:\AsylumResearch\v19\RealTime\Igor Pro Folder\Igor.exe" "C:\Users\Asylum User\Documents\buffer\ToIgor.arcmd" 

C:\Users\Asylum User\Documents\AEtesting\Experiments\TrajectoryLitho>"C:\AsylumResearch\v19\RealTime\Igor Pro Folder\Igor.exe" "C:\Users\Asylum User\Documents\buffer\ToIgor.arcmd" 

C:\Users\Asylum User\Documents\AEtesting\Experiments\TrajectoryLitho>"C:\AsylumResearch\v19\RealTime\Igor Pro Folder\Igor.exe" "C:\Users\Asylum User\Documents\buffer\ToIgor.arcmd" 

C:\Users\Asylum User\Documents\AEtesting\Experiments\TrajectoryLitho>"C:\AsylumResearch\v19\RealTime\Igor Pro Folder\Igor.exe" "C:\Users\Asylum User\Documents\buffer\ToIgor.arcmd" 

C:\Users\Asylum User\Documents\AEtesting\Experiments\TrajectoryLitho>"C:\AsylumResearch\v19\RealTime\Igor Pro Folder\Igor.exe" "C:\Users\Asylum User\Documents\buffer\ToIgor.arcmd" 

C:\Users\Asylum User\Documents\AEtesting\Experiments\TrajectoryLitho>"C:\AsylumResearch\v19\RealTime\Igor Pro Folder\Igor.exe" "C:\Users\Asylum User\Documents\buffer\ToIgor.arcmd" 

C:\Users\Asylum User\Documents\AEtesting\Experiments\TrajectoryLitho>"C:\AsylumResearch\v19\RealTime\Igor Pro Folder\Igor.exe" "C:\Users\Asylum User\Documents\buffer\ToIgor.arcmd" 

C:\Users\Asylum User\Documents\AEtesting\Experiments\TrajectoryLitho>"C:\AsylumResearch\v19\RealTime\Igor Pro Folder\Igor.exe" "C:\Users\Asylum User\Documents\buffer\ToIgor.arcmd" 

C:\Users\Asylum User\Documents\AEtesting\Experiments\TrajectoryLitho>"C:\AsylumResearch\v19\RealTime\Igor Pro Folder\Igor.exe" "C:\Users\Asylum User\Documents\buffer\ToIgor.arcmd" 

C:\Users\Asylum User\Documents\AEtesting\Experiments\TrajectoryLitho>"C:\AsylumResearch\v19\RealTime\Igor Pro Folder\Igor.exe" "C:\Users\Asylum User\Documents\buffer\ToIgor.arcmd" 

C:\Users\Asylum User\Documents\AEtesting\Experiments\TrajectoryLitho>"C:\AsylumResearch\v19\RealTime\Igor Pro Folder\Igor.exe" "C:\Users\Asylum User\Documents\buffer\ToIgor.arcmd" 

C:\Users\Asylum User\Documents\AEtesting\Experiments\TrajectoryLitho>"C:\AsylumResearch\v19\RealTime\Igor Pro Folder\Igor.exe" "C:\Users\Asylum User\Documents\buffer\ToIgor.arcmd" 

C:\Users\Asylum User\Documents\AEtesting\Experiments\TrajectoryLitho>"C:\AsylumResearch\v19\RealTime\Igor Pro Folder\Igor.exe" "C:\Users\Asylum User\Documents\buffer\ToIgor.arcmd" 

C:\Users\Asylum User\Documents\AEtesting\Experiments\TrajectoryLitho>"C:\AsylumResearch\v19\RealTime\Igor Pro Folder\Igor.exe" "C:\Users\Asylum User\Documents\buffer\ToIgor.arcmd" 

C:\Users\Asylum User\Documents\AEtesting\Experiments\TrajectoryLitho>"C:\AsylumResearch\v19\RealTime\Igor Pro Folder\Igor.exe" "C:\Users\Asylum User\Documents\buffer\ToIgor.arcmd" 

C:\Users\Asylum User\Documents\AEtesting\Experiments\TrajectoryLitho>"C:\AsylumResearch\v19\RealTime\Igor Pro Folder\Igor.exe" "C:\Users\Asylum User\Documents\buffer\ToIgor.arcmd" 

C:\Users\Asylum User\Documents\AEtesting\Experiments\TrajectoryLitho>"C:\AsylumResearch\v19\RealTime\Igor Pro Folder\Igor.exe" "C:\Users\Asylum User\Documents\buffer\ToIgor.arcmd" 

C:\Users\Asylum User\Documents\AEtesting\Experiments\TrajectoryLitho>"C:\AsylumResearch\v19\RealTime\Igor Pro Folder\Igor.exe" "C:\Users\Asylum User\Documents\buffer\ToIgor.arcmd" 

C:\Users\Asylum User\Documents\AEtesting\Experiments\TrajectoryLitho>"C:\AsylumResearch\v19\RealTime\Igor Pro Folder\Igor.exe" "C:\Users\Asylum User\Documents\buffer\ToIgor.arcmd" 

C:\Users\Asylum User\Documents\AEtesting\Experiments\TrajectoryLitho>"C:\AsylumResearch\v19\RealTime\Igor Pro Folder\Igor.exe" "C:\Users\Asylum User\Documents\buffer\ToIgor.arcmd" 

C:\Users\Asylum User\Documents\AEtesting\Experiments\TrajectoryLitho>"C:\AsylumResearch\v19\RealTime\Igor Pro Folder\Igor.exe" "C:\Users\Asylum User\Documents\buffer\ToIgor.arcmd" 

C:\Users\Asylum User\Documents\AEtesting\Experiments\TrajectoryLitho>"C:\AsylumResearch\v19\RealTime\Igor Pro Folder\Igor.exe" "C:\Users\Asylum User\Documents\buffer\ToIgor.arcmd" 

C:\Users\Asylum User\Documents\AEtesting\Experiments\TrajectoryLitho>"C:\AsylumResearch\v19\RealTime\Igor Pro Folder\Igor.exe" "C:\Users\Asylum User\Documents\buffer\ToIgor.arcmd" 

C:\Users\Asylum User\Documents\AEtesting\Experiments\TrajectoryLitho>"C:\AsylumResearch\v19\RealTime\Igor Pro Folder\Igor.exe" "C:\Users\Asylum User\Documents\buffer\ToIgor.arcmd" 

C:\Users\Asylum User\Documents\AEtesting\Experiments\TrajectoryLitho>"C:\AsylumResearch\v19\RealTime\Igor Pro Folder\Igor.exe" "C:\Users\Asylum User\Documents\buffer\ToIgor.arcmd" 

C:\Users\Asylum User\Documents\AEtesting\Experiments\TrajectoryLitho>"C:\AsylumResearch\v19\RealTime\Igor Pro Folder\Igor.exe" "C:\Users\Asylum User\Documents\buffer\ToIgor.arcmd" 

C:\Users\Asylum User\Documents\AEtesting\Experiments\TrajectoryLitho>"C:\AsylumResearch\v19\RealTime\Igor Pro Folder\Igor.exe" "C:\Users\Asylum User\Documents\buffer\ToIgor.arcmd" 

C:\Users\Asylum User\Documents\AEtesting\Experiments\TrajectoryLitho>"C:\AsylumResearch\v19\RealTime\Igor Pro Folder\Igor.exe" "C:\Users\Asylum User\Documents\buffer\ToIgor.arcmd" 

C:\Users\Asylum User\Documents\AEtesting\Experiments\TrajectoryLitho>"C:\AsylumResearch\v19\RealTime\Igor Pro Folder\Igor.exe" "C:\Users\Asylum User\Documents\buffer\ToIgor.arcmd" 

C:\Users\Asylum User\Documents\AEtesting\Experiments\TrajectoryLitho>"C:\AsylumResearch\v19\RealTime\Igor Pro Folder\Igor.exe" "C:\Users\Asylum User\Documents\buffer\ToIgor.arcmd" 

C:\Users\Asylum User\Documents\AEtesting\Experiments\TrajectoryLitho>"C:\AsylumResearch\v19\RealTime\Igor Pro Folder\Igor.exe" "C:\Users\Asylum User\Documents\buffer\ToIgor.arcmd" 

C:\Users\Asylum User\Documents\AEtesting\Experiments\TrajectoryLitho>"C:\AsylumResearch\v19\RealTime\Igor Pro Folder\Igor.exe" "C:\Users\Asylum User\Documents\buffer\ToIgor.arcmd" 

C:\Users\Asylum User\Documents\AEtesting\Experiments\TrajectoryLitho>"C:\AsylumResearch\v19\RealTime\Igor Pro Folder\Igor.exe" "C:\Users\Asylum User\Documents\buffer\ToIgor.arcmd" 

C:\Users\Asylum User\Documents\AEtesting\Experiments\TrajectoryLitho>"C:\AsylumResearch\v19\RealTime\Igor Pro Folder\Igor.exe" "C:\Users\Asylum User\Documents\buffer\ToIgor.arcmd" 

C:\Users\Asylum User\Documents\AEtesting\Experiments\TrajectoryLitho>"C:\AsylumResearch\v19\RealTime\Igor Pro Folder\Igor.exe" "C:\Users\Asylum User\Documents\buffer\ToIgor.arcmd" 

C:\Users\Asylum User\Documents\AEtesting\Experiments\TrajectoryLitho>"C:\AsylumResearch\v19\RealTime\Igor Pro Folder\Igor.exe" "C:\Users\Asylum User\Documents\buffer\ToIgor.arcmd" 

C:\Users\Asylum User\Documents\AEtesting\Experiments\TrajectoryLitho>"C:\AsylumResearch\v19\RealTime\Igor Pro Folder\Igor.exe" "C:\Users\Asylum User\Documents\buffer\ToIgor.arcmd" 

C:\Users\Asylum User\Documents\AEtesting\Experiments\TrajectoryLitho>"C:\AsylumResearch\v19\RealTime\Igor Pro Folder\Igor.exe" "C:\Users\Asylum User\Documents\buffer\ToIgor.arcmd" 

C:\Users\Asylum User\Documents\AEtesting\Experiments\TrajectoryLitho>"C:\AsylumResearch\v19\RealTime\Igor Pro Folder\Igor.exe" "C:\Users\Asylum User\Documents\buffer\ToIgor.arcmd" 

C:\Users\Asylum User\Documents\AEtesting\Experiments\TrajectoryLitho>"C:\AsylumResearch\v19\RealTime\Igor Pro Folder\Igor.exe" "C:\Users\Asylum User\Documents\buffer\ToIgor.arcmd" 

C:\Users\Asylum User\Documents\AEtesting\Experiments\TrajectoryLitho>"C:\AsylumResearch\v19\RealTime\Igor Pro Folder\Igor.exe" "C:\Users\Asylum User\Documents\buffer\ToIgor.arcmd" 

C:\Users\Asylum User\Documents\AEtesting\Experiments\TrajectoryLitho>"C:\AsylumResearch\v19\RealTime\Igor Pro Folder\Igor.exe" "C:\Users\Asylum User\Documents\buffer\ToIgor.arcmd" 

C:\Users\Asylum User\Documents\AEtesting\Experiments\TrajectoryLitho>"C:\AsylumResearch\v19\RealTime\Igor Pro Folder\Igor.exe" "C:\Users\Asylum User\Documents\buffer\ToIgor.arcmd" 

C:\Users\Asylum User\Documents\AEtesting\Experiments\TrajectoryLitho>"C:\AsylumResearch\v19\RealTime\Igor Pro Folder\Igor.exe" "C:\Users\Asylum User\Documents\buffer\ToIgor.arcmd" 

C:\Users\Asylum User\Documents\AEtesting\Experiments\TrajectoryLitho>"C:\AsylumResearch\v19\RealTime\Igor Pro Folder\Igor.exe" "C:\Users\Asylum User\Documents\buffer\ToIgor.arcmd" 

C:\Users\Asylum User\Documents\AEtesting\Experiments\TrajectoryLitho>"C:\AsylumResearch\v19\RealTime\Igor Pro Folder\Igor.exe" "C:\Users\Asylum User\Documents\buffer\ToIgor.arcmd" 

C:\Users\Asylum User\Documents\AEtesting\Experiments\TrajectoryLitho>"C:\AsylumResearch\v19\RealTime\Igor Pro Folder\Igor.exe" "C:\Users\Asylum User\Documents\buffer\ToIgor.arcmd" 

C:\Users\Asylum User\Documents\AEtesting\Experiments\TrajectoryLitho>"C:\AsylumResearch\v19\RealTime\Igor Pro Folder\Igor.exe" "C:\Users\Asylum User\Documents\buffer\ToIgor.arcmd" 

C:\Users\Asylum User\Documents\AEtesting\Experiments\TrajectoryLitho>"C:\AsylumResearch\v19\RealTime\Igor Pro Folder\Igor.exe" "C:\Users\Asylum User\Documents\buffer\ToIgor.arcmd" 

C:\Users\Asylum User\Documents\AEtesting\Experiments\TrajectoryLitho>"C:\AsylumResearch\v19\RealTime\Igor Pro Folder\Igor.exe" "C:\Users\Asylum User\Documents\buffer\ToIgor.arcmd" 

C:\Users\Asylum User\Documents\AEtesting\Experiments\TrajectoryLitho>"C:\AsylumResearch\v19\RealTime\Igor Pro Folder\Igor.exe" "C:\Users\Asylum User\Documents\buffer\ToIgor.arcmd" 

C:\Users\Asylum User\Documents\AEtesting\Experiments\TrajectoryLitho>"C:\AsylumResearch\v19\RealTime\Igor Pro Folder\Igor.exe" "C:\Users\Asylum User\Documents\buffer\ToIgor.arcmd" 

C:\Users\Asylum User\Documents\AEtesting\Experiments\TrajectoryLitho>"C:\AsylumResearch\v19\RealTime\Igor Pro Folder\Igor.exe" "C:\Users\Asylum User\Documents\buffer\ToIgor.arcmd" 

C:\Users\Asylum User\Documents\AEtesting\Experiments\TrajectoryLitho>"C:\AsylumResearch\v19\RealTime\Igor Pro Folder\Igor.exe" "C:\Users\Asylum User\Documents\buffer\ToIgor.arcmd" 

C:\Users\Asylum User\Documents\AEtesting\Experiments\TrajectoryLitho>"C:\AsylumResearch\v19\RealTime\Igor Pro Folder\Igor.exe" "C:\Users\Asylum User\Documents\buffer\ToIgor.arcmd" 

C:\Users\Asylum User\Documents\AEtesting\Experiments\TrajectoryLitho>"C:\AsylumResearch\v19\RealTime\Igor Pro Folder\Igor.exe" "C:\Users\Asylum User\Documents\buffer\ToIgor.arcmd" 

C:\Users\Asylum User\Documents\AEtesting\Experiments\TrajectoryLitho>"C:\AsylumResearch\v19\RealTime\Igor Pro Folder\Igor.exe" "C:\Users\Asylum User\Documents\buffer\ToIgor.arcmd" 

C:\Users\Asylum User\Documents\AEtesting\Experiments\TrajectoryLitho>"C:\AsylumResearch\v19\RealTime\Igor Pro Folder\Igor.exe" "C:\Users\Asylum User\Documents\buffer\ToIgor.arcmd" 

C:\Users\Asylum User\Documents\AEtesting\Experiments\TrajectoryLitho>"C:\AsylumResearch\v19\RealTime\Igor Pro Folder\Igor.exe" "C:\Users\Asylum User\Documents\buffer\ToIgor.arcmd" 

C:\Users\Asylum User\Documents\AEtesting\Experiments\TrajectoryLitho>"C:\AsylumResearch\v19\RealTime\Igor Pro Folder\Igor.exe" "C:\Users\Asylum User\Documents\buffer\ToIgor.arcmd" 

C:\Users\Asylum User\Documents\AEtesting\Experiments\TrajectoryLitho>"C:\AsylumResearch\v19\RealTime\Igor Pro Folder\Igor.exe" "C:\Users\Asylum User\Documents\buffer\ToIgor.arcmd" 

C:\Users\Asylum User\Documents\AEtesting\Experiments\TrajectoryLitho>"C:\AsylumResearch\v19\RealTime\Igor Pro Folder\Igor.exe" "C:\Users\Asylum User\Documents\buffer\ToIgor.arcmd" 

C:\Users\Asylum User\Documents\AEtesting\Experiments\TrajectoryLitho>"C:\AsylumResearch\v19\RealTime\Igor Pro Folder\Igor.exe" "C:\Users\Asylum User\Documents\buffer\ToIgor.arcmd" 

C:\Users\Asylum User\Documents\AEtesting\Experiments\TrajectoryLitho>"C:\AsylumResearch\v19\RealTime\Igor Pro Folder\Igor.exe" "C:\Users\Asylum User\Documents\buffer\ToIgor.arcmd" 

C:\Users\Asylum User\Documents\AEtesting\Experiments\TrajectoryLitho>"C:\AsylumResearch\v19\RealTime\Igor Pro Folder\Igor.exe" "C:\Users\Asylum User\Documents\buffer\ToIgor.arcmd" 

C:\Users\Asylum User\Documents\AEtesting\Experiments\TrajectoryLitho>"C:\AsylumResearch\v19\RealTime\Igor Pro Folder\Igor.exe" "C:\Users\Asylum User\Documents\buffer\ToIgor.arcmd" 

C:\Users\Asylum User\Documents\AEtesting\Experiments\TrajectoryLitho>"C:\AsylumResearch\v19\RealTime\Igor Pro Folder\Igor.exe" "C:\Users\Asylum User\Documents\buffer\ToIgor.arcmd" 
==============================================================================
IT3  period series 1L / 4L / 8L  2026-08-21 18:47
==============================================================================

--- static audit (before any instrument command) ---
  toolkit: 7 cells, 58 functions called, 0 undefined
  driver: 0 dangling global name(s)
  -> audit clean
  data folder 260820: 101 files, newest 21 Aug 17:59 (0.8 h ago)

1352 legal offsets for a 12 um frame; trying the nearest first
  meter at start       defl -0.842  |  +6.269  -0.842  +0.053  +0.116  +158.580  +96.170

--- candidate 1: (-14.0,+0.0) ---
  scanner range, 12 um frame at (-14.0,+0.0), limit 50 um:
    x: |off|+size  26.0   edge at -20.0 / -8.0   ok
    y: |off|+size  12.0   edge at -6.0 / +6.0   ok
  position (-14.0,+0.0) is clear of all 1 used areas and inside the scanner range at 12 um
scan 12.0 um, 256 px, 0.8333333333333334 Hz, angle 0.0 deg, offset (-14.0, 0.0) um
  try 1: tuning LDART at 650 kHz, then one 256 px / 0.8 Hz frame
LDART ready
scan 12.0 um, 256 px, 0.8333333333333334 Hz, angle 0.0 deg, offset (-14.0, 0.0) um
  -> PZTO_LDART_0092.ibw
     PZTO_LDART_0092.ibw: drive 663.3 kHz, tracked 648.5, offset 14.8 kHz, 99% lines, r12 +0.95, |S| 44.5
     -> good: 99% tracked, offset within 22 kHz. This frame is baseline 1.
  rigid triad fit on PZTO_LDART_0092.ibw
    phi0 = 1.5 deg  ->  members 2/62/122 deg
    triad power 0.600   modulation 0.200 (virgin ~0.17, poled ~0.53, isotropic ~0)
    population w = (0.34, 0.41, 0.25)
    deviation from the film triad 2/62/122: 0.5 deg
  triad aligned to reference: ['2', '62', '122'] -> ['2', '62', '122']  (offsets ['0', '0', '0'] deg)
  AREA GATE: modulation 0.200 (need >= 0.18), streak 0.021 (need <= 0.10); Lambda ['354', '301', '301'] spread 17% (reported only)
  -> viable (modulation 0.200)

--- candidate 2: (+0.0,-14.0) ---
  scanner range, 12 um frame at (+0.0,-14.0), limit 50 um:
    x: |off|+size  12.0   edge at -6.0 / +6.0   ok
    y: |off|+size  26.0   edge at -20.0 / -8.0   ok
  position (+0.0,-14.0) is clear of all 1 used areas and inside the scanner range at 12 um
scan 12.0 um, 256 px, 0.8333333333333334 Hz, angle 0.0 deg, offset (0.0, -14.0) um
  try 1: tuning LDART at 650 kHz, then one 256 px / 0.8 Hz frame
LDART ready
scan 12.0 um, 256 px, 0.8333333333333334 Hz, angle 0.0 deg, offset (0.0, -14.0) um
  -> PZTO_LDART_0093.ibw
     PZTO_LDART_0093.ibw: drive 664.0 kHz, tracked 643.9, offset 20.0 kHz, 100% lines, r12 +0.93, |S| 39.5
     -> good: 100% tracked, offset within 22 kHz. This frame is baseline 1.
  rigid triad fit on PZTO_LDART_0093.ibw
    phi0 = 4.0 deg  ->  members 4/64/124 deg
    triad power 0.602   modulation 0.205 (virgin ~0.17, poled ~0.53, isotropic ~0)
    population w = (0.26, 0.43, 0.31)
    deviation from the film triad 2/62/122: 2.0 deg
  triad aligned to reference: ['4', '64', '124'] -> ['4', '64', '124']  (offsets ['2', '2', '2'] deg)
  AREA GATE: modulation 0.205 (need >= 0.18), streak 0.026 (need <= 0.10); Lambda ['280', '325', '325'] spread 15% (reported only)
  -> viable (modulation 0.205)

--- candidate 3: (+0.0,+14.0) ---
  scanner range, 12 um frame at (+0.0,+14.0), limit 50 um:
    x: |off|+size  12.0   edge at -6.0 / +6.0   ok
    y: |off|+size  26.0   edge at +8.0 / +20.0   ok
  position (+0.0,+14.0) is clear of all 1 used areas and inside the scanner range at 12 um
scan 12.0 um, 256 px, 0.8333333333333334 Hz, angle 0.0 deg, offset (0.0, 14.0) um
  try 1: tuning LDART at 650 kHz, then one 256 px / 0.8 Hz frame
LDART ready
scan 12.0 um, 256 px, 0.8333333333333334 Hz, angle 0.0 deg, offset (0.0, 14.0) um
  -> PZTO_LDART_0094.ibw
     PZTO_LDART_0094.ibw: drive 663.3 kHz, tracked 652.0, offset 11.3 kHz, 100% lines, r12 +0.94, |S| 48.6
     -> good: 100% tracked, offset within 22 kHz. This frame is baseline 1.
  rigid triad fit on PZTO_LDART_0094.ibw
    phi0 = 0.0 deg  ->  members 0/60/120 deg
    triad power 0.599   modulation 0.198 (virgin ~0.17, poled ~0.53, isotropic ~0)
    population w = (0.24, 0.45, 0.31)
    deviation from the film triad 2/62/122: 2.0 deg
  triad aligned to reference: ['0', '60', '120'] -> ['0', '60', '120']  (offsets ['2', '2', '2'] deg)
  AREA GATE: modulation 0.198 (need >= 0.18), streak 0.012 (need <= 0.10); Lambda ['301', '325', '261'] spread 22% (reported only)
  -> viable (modulation 0.198)

  3 viable candidate(s); taking the best modulation: (+0.0,-14.0) at 0.205
  Lambda per member ['280', '325', '325'] -> spread 15% (reported, not gated: the
  per-member spread ran 15-62%% across every area today, which is
  estimator noise. The median 325 nm is what the recipe uses.

=== area (+0.0,-14.0): triad ['4', '64', '124'], modulation 0.205, Lambda 325 nm

--- three CONSECUTIVE baselines at the chosen area ---
    the screening frame PZTO_LDART_0093.ibw is discarded: the stage moved away and
    back after it, and offset hysteresis made it disagree with
    consecutive frames by 0.45-0.51 in lead and 50-57 %% in flips.
scan 12.0 um, 256 px, 0.8333333333333334 Hz, angle 0.0 deg, offset (0.0, -14.0) um
LDART ready
  -> PZTO_LDART_0095.ibw
  -> PZTO_LDART_0096.ibw
  -> PZTO_LDART_0097.ibw
  contact_check PZTO_LDART_0097.ibw
    drive 663.3 kHz   tracked 643.6 +-2.8 kHz   offset 19.7 kHz
    |A| 29.6 pm   xi 94 nm (2 px)   consistency 0.84   r12 +0.91   defl SP 0.60 V
    -> RETUNE HERE. The DART loop is more than 15 kHz off the tracked resonance, so neither sideband is on the peak.
  meter after baselines defl -0.443  |  +6.273  -0.443  +0.140  +0.097  +85.897  +48.288
  frame                   worst region   overall     r12
  PZTO_LDART_0095.ibw             100%      100%    0.93   <- reference
  PZTO_LDART_0097.ibw             100%      100%    0.91
  PZTO_LDART_0096.ibw             100%      100%    0.91
  frame_gate PZTO_LDART_0095.ibw: r12 +0.93  consistency 0.85  tracked 100%  |S| rel 1.65  -> OK

--- baseline floor: is this area measurable? (14 tiles) ---
    0095 vs 0096: floor 0.096, 0/14 flipped (0%)
    0096 vs 0097: floor 0.115, 0/14 flipped (0%)
    0095 vs 0097: floor 0.140, 0/14 flipped (0%)
    worst pair: floor 0.140 (max 0.25), flip 0% (max 25%)
    -> measurable. An effect above 0.421 will be readable.
  readout window 1.37 um = 29 px, 4.2 periods -> ok

--- placement as a fixed point (2x2: 3 written + 1 control) ---
    2x2 pass 1: factor 1.067, n 16, halo 1.93, pitch 3.95, dominants [64, 64, 64, 124] -> commands [4, 4, 4, 4] -> need 1.067
  settled: 4 slots, 3 written + 1 in-grid control, factor 1.067, n 16, halo 1.93, pitch 3.95
  budget-limited: 1.48 s instead of 1.60 s, so sigma is 1.85 x sigma_c rather than 2.00 x

  one sigma for every panel: 560 V.s/um^2 = 1.85 x sigma_c
  spacing 163 nm, dwell 1.48 s (14.8 V.s/site), keep 100%

           cmd        period   sites   sigma  tests
  P1         4         1.0 L     256     560  period 1 Lambda - the anchor; C41s loser
  P4         4         4.0 L     256     560  period 4 Lambda
  P8         4         8.0 L     256     560  period 8 Lambda - two sign blocks, barely a lattice

  768 pulses, 36512 pts, mean V +0.000000, 24.3 min of writing

  predictions, fixed now:
    P1 best, P2 and P4 fail  -> T3 Condition 1 holds
    P4 > P2 > P1             -> longer period is better; Condition 1
                                is wrong and IT1s hint was real
    all three equal          -> the sign map is irrelevant; only the
                                site density and the axis matter
LDART ready
Wrote 36512 pts to 'C:\Users\Asylum User\Documents\AEtesting\Experiments\TrajectoryLitho\output\260821_IT3_period_series.txt'  (path length 133.3 um, 768 strokes)
260821_IT3_period_series.txt   saved 19:23:46
  36512 pts   X[2.722,9.278] Y[2.391,8.947] um
  |V| = [10.]   mean(V) = +0.0000 V   22.2 % at 0 V
  path 730 um  ->  24.3 min at 0.5 um/s
  running… ETA 24.3 min
  done 19:48:25
  litho stopped (required before the next run)
LDART ready
  -> PZTO_LDART_0098.ibw
  meter after write    defl -0.444  |  +6.273  -0.444  +0.056  +0.025  -23.060  +3.868
  contact_check PZTO_LDART_0098.ibw
    drive 657.7 kHz   tracked 650.7 +-3.9 kHz   offset 7.0 kHz
    |A| 44.3 pm   xi 94 nm (2 px)   consistency 0.86   r12 +0.95   defl SP 0.60 V
    -> MOVE TO A DIFFERENT LOCATION AND RETUNE. Raising the setpoint has not fixed it (or it is already >= 0.45 V), so the contact spot itself is bad — debris or a step edge.
  -> PZTO_LDART_0099.ibw

=== floors, measured three ways on untouched film ===
  before vs after   floor 0.561  flip 29%   <- the comparison used
  after  vs after   floor 0.114  flip 7%   drift DURING readout
  before vs before  floor 0.096  flip 0%   baseline noise
  using the worst: 0.561 (14 tiles)

=== WITHIN-FRAME CONTRAST (the primary metric) ===
  untouched tiles in the after-frame: w(cmd) 0.242 +- 0.065 over 14 tiles, lead -0.205 +- 0.109
  a panel is switched if its panel-minus-tiles contrast GAINS more
  than 2 sd = 0.129 relative to the same contrast before the write.
         period    w(cmd)  vs tiles     x2sd  verdict
  same tiles in the BEFORE frame: w(cmd) 0.280 +- 0.083  ->  the
  panel-minus-tiles contrast is corrected with its own before value,
  so layout bias cancels as well as drift.
  P1      1.0 L     0.646    +0.401      3.1  SWITCHED   (after +0.404, before +0.003)
  P4      4.0 L     0.619    +0.324      2.5  SWITCHED   (after +0.378, before +0.054)
  P8      8.0 L     0.457    +0.161      1.2  SWITCHED   (after +0.216, before +0.055)

=== before/after, for continuity only ===
         period   sigma  dom b  dom a   lead b   lead a    xfl  w(cmd)  verdict
  P1      1.0 L     560     64      4   -0.161   +0.451    1.1   0.646  on target, within floor
  P4      4.0 L     560     64      4   -0.067   +0.365    0.8   0.619  on target, within floor
  P8      8.0 L     560     64      4   -0.132   +0.126    0.5   0.457  on target, within floor

  populations
                    w(4)             w(64)            w(124)
  P1     0.283->0.646       0.444->0.195       0.273->0.159    
  P4     0.334->0.619       0.402->0.255       0.264->0.126    
  P8     0.335->0.457       0.467->0.331       0.198->0.211    

--- VDART at 128 px ---
scan 12.0 um, 128 px, 0.8333333333333334 Hz, angle 0.0 deg
VDART ready
  -> PZTO_VDART_0009.ibw
VDART PZTO_VDART_0009.ibw: up 28.2 / 71.8 %   |<e^i.phi>| 0.559   |A| 40.7 pm   coh 0.85
   minority in patches >=25 px: 46 %   (781 clusters)
   -> two classes, balanced -> GATE OPEN
LDART ready
scan 12.0 um, 256 px, 0.8333333333333334 Hz, angle 0.0 deg
  meter at end         defl +0.600  |  +6.275  +0.600  +0.985  +0.977  +249.546  +12.675

==========================================================================
IT2 VERDICT
==========================================================================
  ranked by within-frame excess over the untouched tiles:
    P1   1.0 L   w(cmd) 0.646   excess +0.401 (3.1 x 2sd)   SWITCHED
    P4   4.0 L   w(cmd) 0.619   excess +0.324 (2.5 x 2sd)   SWITCHED
    P8   8.0 L   w(cmd) 0.457   excess +0.161 (1.2 x 2sd)   SWITCHED
  switched on the within-frame metric: P1, P4, P8

  ALL periods switched -> the sign map is not what selects.
  cleared 3x floor: none

  -> THE SIGN MAP IS IRRELEVANT. All three periods give the
     same result, so what selects is the site density and the
     lattice AXIS, not the +/- pattern. Condition 1 collapses
     to a directional rule and the recipe simplifies.
logged iteration 2 to the notebook at cell 88
